PASS_SIDE_UV north top=13 bottom=16
PASS_SIDE_UV south top=13 bottom=16
PASS_SIDE_UV west top=13 bottom=16
PASS_SIDE_UV east top=13 bottom=16
PASS_VANILLA_PARSE lower_source_base.json
PASS_VANILLA_PARSE lower_source_base_upper.json
Exception in thread "main" com.google.gson.JsonParseException: 'to' specifier exceeds the allowed boundaries: ( 8,000E+0  9,600E+1  3,200E+1)
	at net.minecraft.client.render.model.json.ModelElement$Deserializer.deserializeTo(ModelElement.java:151)
	at net.minecraft.client.render.model.json.ModelElement$Deserializer.deserialize(ModelElement.java:74)
	at net.minecraft.client.render.model.json.ModelElement$Deserializer.deserialize(ModelElement.java:67)
	at com.google.gson.internal.bind.TreeTypeAdapter.read(TreeTypeAdapter.java:76)
	at com.google.gson.Gson.fromJson(Gson.java:1214)
	at com.google.gson.Gson.fromJson(Gson.java:1319)
	at com.google.gson.Gson.fromJson(Gson.java:1290)
	at com.google.gson.internal.bind.TreeTypeAdapter$GsonContextImpl.deserialize(TreeTypeAdapter.java:179)
	at net.minecraft.client.render.model.json.JsonUnbakedModel$Deserializer.elementsFromJson(JsonUnbakedModel.java:383)
	at net.minecraft.client.render.model.json.JsonUnbakedModel$Deserializer.deserialize(JsonUnbakedModel.java:305)
	at net.minecraft.client.render.model.json.JsonUnbakedModel$Deserializer.deserialize(JsonUnbakedModel.java:300)
	at com.google.gson.internal.bind.TreeTypeAdapter.read(TreeTypeAdapter.java:76)
	at net.minecraft.util.JsonHelper.deserializeNullable(JsonHelper.java:524)
	at net.minecraft.util.JsonHelper.deserialize(JsonHelper.java:531)
	at net.minecraft.util.JsonHelper.deserialize(JsonHelper.java:581)
	at net.minecraft.client.render.model.json.JsonUnbakedModel.deserialize(JsonUnbakedModel.java:86)
	at net.minecraft.client.render.model.json.JsonUnbakedModel.deserialize(JsonUnbakedModel.java:90)
	at TreeLowerModelProbe.main(TreeLowerModelProbe.java:26)
