To honour the JVM settings for this build a single-use Daemon process will be forked. For more on this, please refer to https://docs.gradle.org/8.8/userguide/gradle_daemon.html#sec:disabling_the_daemon in the Gradle documentation.
Daemon will be stopped at the end of the build 

> Configure project :
Fabric Loom: 1.6.12

> Task :compileJava UP-TO-DATE

> Task :normalizeSupportContracts
{"support_normalization": {"families": 50, "states": 1796, "ground_families": 44, "below_support_families": 0, "automatically_corrected_families": 0, "ambiguous_mount_families": 6, "old_collision_boxes": 1972, "new_collision_boxes": 1972, "max_ordinary_collision_boxes": 3, "families_with_old_helpers_below": 0, "families_with_helpers_below": 0, "fail_families": 0}, "changed": false}

> Task :processResources SKIPPED
> Task :classes UP-TO-DATE
> Task :compileGametestJava
> Task :generateDLIConfig
> Task :generateLog4jConfig
> Task :generateRemapClasspath UP-TO-DATE
> Task :configureLaunch
> Task :processGametestResources UP-TO-DATE
> Task :gametestClasses

> Task :runGametest
[20:15:28] [main/INFO] (FabricLoader/GameProvider) Loading Minecraft 1.20.1 with Fabric Loader 0.16.10
[20:15:28] [main/INFO] (FabricLoader) Loading 47 mods:
	- bloodborne_blocks 2.1.0-rc.3
	- bloodborne_blocks_gametest 1.0.0
	- fabric-api 0.92.9+1.20.1
	- fabric-api-base 0.4.32+1802ada577
	- fabric-api-lookup-api-v1 1.6.37+1802ada577
	- fabric-biome-api-v1 13.0.15+93aa238b77
	- fabric-block-api-v1 1.0.12+1802ada577
	- fabric-block-view-api-v2 1.0.3+924f046a77
	- fabric-command-api-v1 1.2.35+f71b366f77
	- fabric-command-api-v2 2.2.14+1802ada577
	- fabric-commands-v0 0.2.52+df3654b377
	- fabric-containers-v0 0.1.68+df3654b377
	- fabric-content-registries-v0 4.0.13+1802ada577
	- fabric-convention-tags-v1 1.5.6+1802ada577
	- fabric-crash-report-info-v1 0.2.20+1802ada577
	- fabric-data-attachment-api-v1 1.0.2+de0fd6d177
	- fabric-data-generation-api-v1 12.3.9+1802ada577
	- fabric-dimensions-v1 2.1.55+1802ada577
	- fabric-entity-events-v1 1.6.1+1c78457f77
	- fabric-events-interaction-v0 0.6.6+13a40c6677
	- fabric-events-lifecycle-v0 0.2.64+df3654b377
	- fabric-game-rule-api-v1 1.0.41+1802ada577
	- fabric-gametest-api-v1 1.2.15+1802ada577
	- fabric-item-api-v1 2.1.29+1802ada577
	- fabric-item-group-api-v1 4.0.14+1802ada577
	- fabric-lifecycle-events-v1 2.2.23+1802ada577
	- fabric-loot-api-v2 1.2.3+1802ada577
	- fabric-loot-tables-v1 1.1.47+9e7660c677
	- fabric-message-api-v1 5.1.10+1802ada577
	- fabric-mining-level-api-v1 2.1.52+1802ada577
	- fabric-networking-api-v1 1.3.15+0caff8d077
	- fabric-networking-v0 0.3.55+df3654b377
	- fabric-object-builder-api-v1 11.1.5+e35120df77
	- fabric-particles-v1 1.1.3+1802ada577
	- fabric-recipe-api-v1 1.0.25+1802ada577
	- fabric-registry-sync-v0 2.4.1+4c0a70e677
	- fabric-rendering-data-attachment-v1 0.3.39+92a0d36777
	- fabric-rendering-fluids-v1 3.0.29+1802ada577
	- fabric-resource-conditions-api-v1 2.3.9+1802ada577
	- fabric-resource-loader-v0 0.11.12+fb82e9d777
	- fabric-screen-handler-api-v1 1.3.34+1802ada577
	- fabric-transfer-api-v1 3.3.6+8dd72ea377
	- fabric-transitive-access-wideners-v1 4.3.2+1802ada577
	- fabricloader 0.16.10
	- java 17
	- minecraft 1.20.1
	- mixinextras 0.4.1
[20:15:29] [main/INFO] (FabricLoader/Mixin) SpongePowered MIXIN Subsystem Version=0.8.7 Source=file:/C:/Users/vakir/.gradle/caches/modules-2/files-2.1/net.fabricmc/sponge-mixin/0.15.4+mixin.0.8.7/6a12aacc794f1078458433116e9ed42c1cc98096/sponge-mixin-0.15.4+mixin.0.8.7.jar Service=Knot/Fabric Env=SERVER
[20:15:29] [main/INFO] (FabricLoader/Mixin) Loaded Fabric development mappings for mixin remapper!
[20:15:30] [main/INFO] (FabricLoader/Mixin) Compatibility level set to JAVA_16
[20:15:30] [main/INFO] (FabricLoader/Mixin) Compatibility level set to JAVA_17
[20:15:31] [main/INFO] (FabricLoader/MixinExtras|Service) Initializing MixinExtras via com.llamalad7.mixinextras.service.MixinExtrasServiceImpl(version=0.4.1).
[20:15:49] [main/INFO] (Minecraft) [STDOUT]: BLOODBORNE_BLOCKS_REGISTERED blocks=50 city_blocks=3853 states=54528
[20:15:49] [main/INFO] (Minecraft) Environment: authHost='https://authserver.mojang.com', accountsHost='https://api.mojang.com', sessionHost='https://sessionserver.mojang.com', servicesHost='https://api.minecraftservices.com', name='PROD'
[20:15:49] [main/INFO] (FabricGameTestHelper) Starting test server
[20:15:54] [main/INFO] (Minecraft) Loaded 7 recipes
[20:15:54] [main/INFO] (Minecraft) Loaded 1272 advancements
[20:15:56] [main/INFO] (BiomeModificationImpl) Applied 0 biome modifications to 0 of 64 new biomes in 2.392 ms
[20:15:57] [Server thread/INFO] (Minecraft) Preparing start region for dimension minecraft:overworld
[20:15:57] [Server thread/INFO] (Minecraft) Preparing spawn area: 0%
[20:15:58] [Worker-Main-13/INFO] (Minecraft) Preparing spawn area: 31%
[20:15:59] [Worker-Main-13/INFO] (Minecraft) Preparing spawn area: 83%
[20:15:59] [Worker-Main-9/INFO] (Minecraft) Preparing spawn area: 83%
[20:15:59] [Server thread/INFO] (Minecraft) Time elapsed: 1839 ms
[20:15:59] [Server thread/INFO] (Minecraft) Started game test server
[20:16:00] [Server thread/INFO] (Minecraft) Running test batch 'reviewed_wall:1' (4 tests)...
[20:16:00] [Server thread/INFO] (Minecraft) 59 tests are now running!
[20:16:01] [Server thread/INFO] (Minecraft) Running test batch 'agony_furniture:1' (2 tests)...
[20:16:01] [Server thread/INFO] (Minecraft) Running test batch 'zz_creative_placement:1' (1 tests)...
[20:16:02] [Server thread/INFO] (Minecraft) Running test batch 'production_functional:1' (3 tests)...
[20:16:02] [Server thread/WARN] (Minecraft) Can't keep up! Is the server overloaded? Running 2343ms or 46 ticks behind
[20:16:02] [Server thread/INFO] (Minecraft) Running test batch 'production_restoration:1' (3 tests)...
[20:16:02] [Server thread/INFO] (Minecraft) Running test batch 'zz_practical_test_kit:1' (2 tests)...
[20:16:03] [Server thread/INFO] (Minecraft) Running test batch 'agony_surface:1' (4 tests)...
[20:16:03] [Server thread/INFO] (Minecraft) Running test batch 'production_palette_rotation:1' (1 tests)...
[20:16:03] [Server thread/INFO] (Minecraft) Running test batch 'production_palette_registry:1' (1 tests)...
[20:16:03] [Server thread/INFO] (Minecraft) Running test batch 'support_plane_stale_helper:1' (1 tests)...
[20:16:03] [Server thread/INFO] (Minecraft) Running test batch 'creative_catalog:1' (1 tests)...
[20:16:04] [Server thread/INFO] (Minecraft) [STDOUT]: CREATIVE_CATALOG_COVERAGE {"registeredBlockItems":3903,"artCandidates":46746,"visibleEntries":46480,"hiddenEquivalentEntries":266,"mainVisibleBlockItems":51,"mainVisibleEntries":64,"technicalVisibleBlockItems":3691,"technicalVisibleEntries":46416,"entriesByType":{"main":64,"technical.1":777,"technical.2":49,"technical.3":45590},"registeredStates":54528,"placementExcludedStates":72,"serviceStatesCollapsedIntoArtCandidates":7710,"serviceStatePolicy":"Only variant/visual enumerate artwork; facing/open/lit/connection/root_anchor and other service properties do not create entries. Placement-forced states are excluded.","coverage":"PASS","graphicalClient":"NOT_RUN"}
[20:16:04] [Server thread/INFO] (Minecraft) Running test batch 'production_palette_door:1' (3 tests)...
[20:16:05] [Server thread/INFO] (Minecraft) Running test batch 'logical_visual:1' (4 tests)...
[20:16:05] [Server thread/INFO] (Minecraft) test-mock-player[local] logged in with entity id 282 at (-0.5, -60.0, -3.5)
[20:16:05] [Server thread/INFO] (Minecraft) test-mock-player joined the game
[20:16:06] [Server thread/INFO] (Minecraft) Running test batch 'window_test3:1' (5 tests)...
[20:16:06] [Server thread/INFO] (Minecraft) Running test batch 'agony_transition:1' (1 tests)...
[20:16:06] [Server thread/INFO] (Minecraft) Running test batch 'shared_physical:1' (8 tests)...
[20:16:06] [Server thread/INFO] (Minecraft) [+++++++++++++++++++++++++++++++++++++++_+++_               ]
[20:16:06] [Server thread/INFO] (Minecraft) Running test batch 'support_plane:1' (2 tests)...
[20:16:08] [Server thread/INFO] (Minecraft) Running test batch 'production_palette_tree:1' (1 tests)...
[20:16:09] [Server thread/INFO] (Minecraft) Running test batch 'shared_physical_root_insertion:1' (3 tests)...
[20:16:09] [Server thread/INFO] (Minecraft) Running test batch 'logical_debug:1' (3 tests)...
[20:16:09] [Server thread/INFO] (Minecraft) test-mock-player[local] logged in with entity id 2188 at (1.5, -60.0, 7.5)
[20:16:09] [Server thread/INFO] (Minecraft) test-mock-player joined the game
[20:16:09] [Server thread/INFO] (Minecraft) Bloodborne debug: player target required.
[20:16:09] [Server thread/INFO] (Minecraft) Bloodborne debug: player target required.
[20:16:09] [Server thread/INFO] (Minecraft) Running test batch 'explicit_root:1' (2 tests)...
[20:16:09] [Server thread/INFO] (Minecraft) Running test batch 'agony_attachment:1' (4 tests)...
[20:16:09] [Server thread/INFO] (Minecraft) [+++++++++++++++++++++++++++++++++++++++++++++++++++++++++++]
[20:16:09] [Server thread/INFO] (Minecraft) ========= 59 GAME TESTS COMPLETE ======================
[20:16:09] [Server thread/INFO] (Minecraft) All 59 required tests passed :)
[20:16:09] [Server thread/INFO] (Minecraft) ====================================================
[20:16:09] [Server thread/INFO] (Minecraft) Stopping server
[20:16:09] [Server thread/INFO] (Minecraft) Saving players
[20:16:09] [Server thread/INFO] (Minecraft) Saving worlds
[20:16:11] [Server thread/INFO] (Minecraft) Saving chunks for level 'ServerLevel[Test Level]'/minecraft:overworld
[20:16:12] [Server thread/INFO] (Minecraft) Saving chunks for level 'ServerLevel[Test Level]'/minecraft:the_nether
[20:16:12] [Server thread/INFO] (Minecraft) Saving chunks for level 'ServerLevel[Test Level]'/minecraft:the_end
[20:16:12] [Server thread/INFO] (Minecraft) ThreadedAnvilChunkStorage (world): All chunks are saved
[20:16:12] [Server thread/INFO] (Minecraft) ThreadedAnvilChunkStorage (DIM-1): All chunks are saved
[20:16:12] [Server thread/INFO] (Minecraft) ThreadedAnvilChunkStorage (DIM1): All chunks are saved
[20:16:12] [Server thread/INFO] (Minecraft) ThreadedAnvilChunkStorage: All dimensions are saved
[20:16:12] [Server thread/INFO] (Minecraft) Game test server shutting down

> Task :logicalGameTest
> Task :jar
> Task :remapJar
> Task :sourcesJar
> Task :remapSourcesJar
> Task :assemble
> Task :check_contract_orientation
{"result": "PASS", "rotation_checks": 7184, "symmetric": 3, "facing": 48, "connected": 6}

> Task :check_logical_resources
{"ok": true, "logicalObjects": 50, "states": 1796, "meshes": 726, "textures": 34, "migrationRules": 0, "hiddenLegacyItems": 0, "maximumFootprintCells": 49}

> Task :compileTestJava UP-TO-DATE
> Task :processTestResources NO-SOURCE
> Task :testClasses UP-TO-DATE

> Task :cityCompatibilityCheck
[20:18:54] [main/INFO]: [STDOUT]: CITY COMPATIBILITY CHECKS PASSED: blocks=3853 pages=2865 native=49 states=52732

> Task :collisionGridCheck
{"collision_grid": {"logical_families": 50, "logical_states": 1796, "protected_logical_families": 49, "protected_logical_states": 1780, "city_ids": 3853, "city_states": 52732, "city_profiles": 28866, "unique_city_geometry_states_checked": 32966, "protected_city_ids": 67, "protected_city_states": 612, "unproven_city_ids_skipped_for_repair": 3786, "unproven_city_states_skipped_for_repair": 52120, "states_needing_storage_normalization": 0, "resource_states_changed": 0, "errors": 0}, "status": "PASS"}

> Task :geometryCheck
[20:19:10] [main/INFO]: [STDOUT]: GEOMETRY CHECKS PASSED: states=1796 unique=1796 cells=6572

> Task :itemModelSelectionCheck
[20:19:23] [main/INFO]: [STDOUT]: ITEM MODEL SELECTION CHECKS PASSED

> Task :logicalContractV2Check
[20:19:35] [main/INFO]: [STDOUT]: LOGICAL CONTRACT V2 CHECKS PASSED

> Task :logicalObjectCheck
[20:19:49] [main/INFO]: [STDOUT]: LOGICAL OBJECT CHECKS PASSED: definitions=50 meshes=726

> Task :logicalRegistryCheck
[20:20:03] [main/INFO]: [STDOUT]: LOGICAL REGISTRY CHECKS PASSED: production=50

> Task :logicalVisualModelsCheck

> Task :modularDataCheck
[20:20:17] [main/INFO]: [STDOUT]: PRODUCTION MESH CHECKS PASSED: referenced=726 available=726

> Task :production_coverage
{"result": "PASS", "required_count": 50, "source_world_sha256": "4353737d536677469d3b895e3515496ab64fab7b224e43428eb96e8c09724a51", "runtime_registry_boundary": "definitions.json feeds Java registry; live registry requires GameTests", "manifest_count": 50, "gallery_checked": false, "gallery_count": null, "errors": []}

> Task :test

> Task :test_accepted_bush_extension
....
----------------------------------------------------------------------
Ran 4 tests in 6.791s

OK

> Task :test_accepted_objects_restore
...............
----------------------------------------------------------------------
Ran 15 tests in 0.012s

OK

> Task :test_accepted_repair_coverage
...........
----------------------------------------------------------------------
Ran 11 tests in 0.002s

OK

> Task :test_accepted_restore_verifier
..........
----------------------------------------------------------------------
Ran 10 tests in 0.075s

OK

> Task :test_accepted_runtime
..........
----------------------------------------------------------------------
Ran 10 tests in 0.616s

OK

> Task :test_agony_patch
......
----------------------------------------------------------------------
Ran 6 tests in 10.584s

OK

> Task :test_atomic_owner_groups
........
----------------------------------------------------------------------
Ran 8 tests in 18.931s

OK

> Task :test_beta_client_qa
.......
----------------------------------------------------------------------
Ran 7 tests in 9.516s

OK

> Task :test_build_nightmare_contracts
.
----------------------------------------------------------------------
Ran 1 test in 0.040s

OK

> Task :test_build_production_gallery
........
----------------------------------------------------------------------
Ran 8 tests in 0.573s

OK

....
----------------------------------------------------------------------
> Task :test_city_palette
Ran 4 tests in 0.438s

OK

> Task :test_city_recovery
.........
----------------------------------------------------------------------
Ran 9 tests in 1.500s

OK

> Task :test_collision_grid
......
----------------------------------------------------------------------
Ran 6 tests in 3.109s

OK

> Task :test_compare_modded_reference
..
----------------------------------------------------------------------
Ran 2 tests in 8.625s

OK

> Task :test_complete_accepted_restore
...............
----------------------------------------------------------------------
Ran 15 tests in 0.254s

OK

> Task :test_complete_owner_bridge
.....
----------------------------------------------------------------------
Ran 5 tests in 3.553s

OK

> Task :test_complete_repair_verifier
......
----------------------------------------------------------------------
Ran 6 tests in 0.173s

OK

> Task :test_composite_owner_closure
owner closure audit 0 / 1
owner closure audit 0 / 1
owner closure audit 0 / 1
...
----------------------------------------------------------------------
Ran 3 tests in 124.635s

OK

> Task :test_composite_repair
...........
----------------------------------------------------------------------
Ran 11 tests in 38.841s

OK

> Task :test_creative_equivalence
creative equivalence PASS {"candidateArt": 46746, "excluded": {"service_architecture_part": 1, "source_depth": 2}, "hiddenEquivalent": 266, "redirects": 266, "registryIds": 3903, "visibleEntries": 46480}

> Task :test_explicit_root_exceptions
...
----------------------------------------------------------------------
Ran 3 tests in 11.114s

OK

> Task :test_export_alt_visual_starter
..
----------------------------------------------------------------------
Ran 2 tests in 0.221s

OK

> Task :test_fixture_level_metadata
.....
----------------------------------------------------------------------
Ran 5 tests in 0.063s

OK

....
----------------------------------------------------------------------
Ran 4 tests in 27.486s

OK
> Task :test_historical_omission_evidence

> Task :test_historical_wall_mappings
....
----------------------------------------------------------------------
Ran 4 tests in 44.084s

OK

> Task :test_logical_world
{"ok": true, "converted": 6, "rejected": 15, "dimensions": 2}

> Task :test_modded_preservation
...
----------------------------------------------------------------------
Ran 3 tests in 0.662s

OK

> Task :test_modded_world_adapter
......
----------------------------------------------------------------------
Ran 6 tests in 28.895s

OK

> Task :test_nightmare_composition_recipes
.....
----------------------------------------------------------------------
Ran 5 tests in 3.687s

OK

> Task :test_nightmare_functional_recipes
....
----------------------------------------------------------------------
Ran 4 tests in 4.214s

OK

> Task :test_nightmare_geometry_recipes
....
----------------------------------------------------------------------
Ran 4 tests in 0.225s

OK

> Task :test_preserved_semantics
...
----------------------------------------------------------------------
Ran 3 tests in 4.080s

OK

> Task :test_production_coverage
............
----------------------------------------------------------------------
Ran 12 tests in 38.417s

OK

> Task :test_production_door
.....
----------------------------------------------------------------------
Ran 5 tests in 0.013s

OK

> Task :test_production_exact_duplicates
.....
----------------------------------------------------------------------
Ran 5 tests in 27.834s

OK

> Task :test_production_fingerprints
.......
----------------------------------------------------------------------
Ran 7 tests in 50.580s

OK

> Task :test_production_gallery
...
----------------------------------------------------------------------
Ran 3 tests in 0.000s

OK

> Task :test_production_geometry
.
----------------------------------------------------------------------
Ran 1 test in 0.000s

OK

> Task :test_production_inventory
..
----------------------------------------------------------------------
Ran 2 tests in 0.007s

OK

> Task :test_production_palette
..............
----------------------------------------------------------------------
Ran 14 tests in 4.240s

OK

> Task :test_region_padding
........
----------------------------------------------------------------------
Ran 8 tests in 0.007s

OK

> Task :test_release_gates
..................
----------------------------------------------------------------------
Ran 18 tests in 7.942s

OK

> Task :test_release_package
....
----------------------------------------------------------------------
Ran 4 tests in 0.393s

OK

> Task :test_restore_c003
.....
----------------------------------------------------------------------
Ran 5 tests in 1.156s

OK

.....
----------------------------------------------------------------------
Ran 5 tests in 4.927s

OK
> Task :test_restore_functional

> Task :test_restored_migration
.....
----------------------------------------------------------------------
Ran 5 tests in 1.734s

OK

> Task :test_reviewed_wall_family
....
----------------------------------------------------------------------
Ran 4 tests in 2.362s

OK

> Task :test_root_exception_evidence
..
----------------------------------------------------------------------
Ran 2 tests in 0.757s

OK

..
> Task :test_source_review_decisions
----------------------------------------------------------------------
Ran 2 tests in 0.024s

OK

> Task :test_source_variant_rng
...
----------------------------------------------------------------------
Ran 3 tests in 0.000s

OK

> Task :test_split_transactions
.......
----------------------------------------------------------------------
Ran 7 tests in 3.586s

OK

> Task :test_support_collision
..............
----------------------------------------------------------------------
Ran 14 tests in 0.011s

OK

> Task :test_support_normalization
............
----------------------------------------------------------------------
Ran 12 tests in 12.077s

OK

> Task :test_visual_slots
.
----------------------------------------------------------------------
Ran 1 test in 0.288s

OK
Visual slots: 1 families, 4 states
Visual slots: 1 families, 4 states

> Task :test_whole_owner_storage
...
----------------------------------------------------------------------
Ran 3 tests in 0.001s

OK

> Task :test_window_test3
.......
----------------------------------------------------------------------
Ran 7 tests in 3.781s

OK

> Task :validateAccessWidener NO-SOURCE

> Task :verify_composite_overlap_evidence
{"result": "PASS", "compositions": [{"target": ["bloodborne_blocks:m_273dc8f493026e61", [["facing", "east"]]], "polygons": 12, "missing": 0, "extra": 0}]}

> Task :check
> Task :build

Deprecated Gradle features were used in this build, making it incompatible with Gradle 9.0.

You can use '--warning-mode all' to show the individual deprecation warnings and determine if they come from your own scripts or plugins.

For more on this, please refer to https://docs.gradle.org/8.8/userguide/command_line_interface.html#sec:command_line_warnings in the Gradle documentation.

BUILD SUCCESSFUL in 16m 58s
83 actionable tasks: 79 executed, 4 up-to-date
