To honour the JVM settings for this build a single-use Daemon process will be forked. For more on this, please refer to https://docs.gradle.org/8.8/userguide/gradle_daemon.html#sec:disabling_the_daemon in the Gradle documentation.
Daemon will be stopped at the end of the build 

> Configure project :
Fabric Loom: 1.6.12

> Task :compileJava UP-TO-DATE

> Task :normalizeSupportContracts
{"support_normalization": {"families": 49, "states": 1788, "ground_families": 43, "below_support_families": 0, "automatically_corrected_families": 0, "ambiguous_mount_families": 6, "old_collision_boxes": 1988, "new_collision_boxes": 1988, "max_ordinary_collision_boxes": 3, "families_with_old_helpers_below": 0, "families_with_helpers_below": 0, "fail_families": 0}, "changed": false}

> Task :processResources SKIPPED
> Task :classes UP-TO-DATE
> Task :jar
> Task :remapJar
> Task :sourcesJar
> Task :remapSourcesJar
> Task :assemble
> Task :compileGametestJava UP-TO-DATE
> Task :generateDLIConfig
> Task :generateLog4jConfig
> Task :generateRemapClasspath UP-TO-DATE
> Task :configureLaunch
> Task :processGametestResources UP-TO-DATE
> Task :gametestClasses UP-TO-DATE

> Task :runGametest
[18:07:48] [main/INFO] (FabricLoader/GameProvider) Loading Minecraft 1.20.1 with Fabric Loader 0.16.10
[18:07:49] [main/INFO] (FabricLoader) Loading 47 mods:
	- bloodborne_blocks 2.1.0-repair-catalog.1
	- bloodborne_blocks_gametest 1.0.0
	- fabric-api 0.92.9+1.20.1
	- fabric-api-base 0.4.32+1802ada577
	- fabric-api-lookup-api-v1 1.6.37+1802ada577
	- fabric-biome-api-v1 13.0.15+93aa238b77
	- fabric-block-api-v1 1.0.12+1802ada577
	- fabric-block-view-api-v2 1.0.3+924f046a77
	- fabric-command-api-v1 1.2.35+f71b366f77
	- fabric-command-api-v2 2.2.14+1802ada577
	- fabric-commands-v0 0.2.52+df3654b377
	- fabric-containers-v0 0.1.68+df3654b377
	- fabric-content-registries-v0 4.0.13+1802ada577
	- fabric-convention-tags-v1 1.5.6+1802ada577
	- fabric-crash-report-info-v1 0.2.20+1802ada577
	- fabric-data-attachment-api-v1 1.0.2+de0fd6d177
	- fabric-data-generation-api-v1 12.3.9+1802ada577
	- fabric-dimensions-v1 2.1.55+1802ada577
	- fabric-entity-events-v1 1.6.1+1c78457f77
	- fabric-events-interaction-v0 0.6.6+13a40c6677
	- fabric-events-lifecycle-v0 0.2.64+df3654b377
	- fabric-game-rule-api-v1 1.0.41+1802ada577
	- fabric-gametest-api-v1 1.2.15+1802ada577
	- fabric-item-api-v1 2.1.29+1802ada577
	- fabric-item-group-api-v1 4.0.14+1802ada577
	- fabric-lifecycle-events-v1 2.2.23+1802ada577
	- fabric-loot-api-v2 1.2.3+1802ada577
	- fabric-loot-tables-v1 1.1.47+9e7660c677
	- fabric-message-api-v1 5.1.10+1802ada577
	- fabric-mining-level-api-v1 2.1.52+1802ada577
	- fabric-networking-api-v1 1.3.15+0caff8d077
	- fabric-networking-v0 0.3.55+df3654b377
	- fabric-object-builder-api-v1 11.1.5+e35120df77
	- fabric-particles-v1 1.1.3+1802ada577
	- fabric-recipe-api-v1 1.0.25+1802ada577
	- fabric-registry-sync-v0 2.4.1+4c0a70e677
	- fabric-rendering-data-attachment-v1 0.3.39+92a0d36777
	- fabric-rendering-fluids-v1 3.0.29+1802ada577
	- fabric-resource-conditions-api-v1 2.3.9+1802ada577
	- fabric-resource-loader-v0 0.11.12+fb82e9d777
	- fabric-screen-handler-api-v1 1.3.34+1802ada577
	- fabric-transfer-api-v1 3.3.6+8dd72ea377
	- fabric-transitive-access-wideners-v1 4.3.2+1802ada577
	- fabricloader 0.16.10
	- java 17
	- minecraft 1.20.1
	- mixinextras 0.4.1
[18:07:49] [main/INFO] (FabricLoader/Mixin) SpongePowered MIXIN Subsystem Version=0.8.7 Source=file:/C:/Users/vakir/.gradle/caches/modules-2/files-2.1/net.fabricmc/sponge-mixin/0.15.4+mixin.0.8.7/6a12aacc794f1078458433116e9ed42c1cc98096/sponge-mixin-0.15.4+mixin.0.8.7.jar Service=Knot/Fabric Env=SERVER
[18:07:50] [main/INFO] (FabricLoader/Mixin) Loaded Fabric development mappings for mixin remapper!
[18:07:50] [main/INFO] (FabricLoader/Mixin) Compatibility level set to JAVA_16
[18:07:50] [main/INFO] (FabricLoader/Mixin) Compatibility level set to JAVA_17
[18:07:50] [main/INFO] (FabricLoader/MixinExtras|Service) Initializing MixinExtras via com.llamalad7.mixinextras.service.MixinExtrasServiceImpl(version=0.4.1).
[18:08:02] [main/INFO] (Minecraft) [STDOUT]: BLOODBORNE_BLOCKS_REGISTERED blocks=49 city_blocks=3782 states=54016
[18:08:03] [main/INFO] (Minecraft) Environment: authHost='https://authserver.mojang.com', accountsHost='https://api.mojang.com', sessionHost='https://sessionserver.mojang.com', servicesHost='https://api.minecraftservices.com', name='PROD'
[18:08:03] [main/INFO] (FabricGameTestHelper) Starting test server
[18:08:06] [main/INFO] (Minecraft) Loaded 7 recipes
[18:08:06] [main/INFO] (Minecraft) Loaded 1272 advancements
[18:08:08] [main/INFO] (BiomeModificationImpl) Applied 0 biome modifications to 0 of 64 new biomes in 1.223 ms
[18:08:09] [Server thread/INFO] (Minecraft) Preparing start region for dimension minecraft:overworld
[18:08:09] [Server thread/INFO] (Minecraft) Preparing spawn area: 0%
[18:08:10] [Worker-Main-5/INFO] (Minecraft) Preparing spawn area: 83%
[18:08:10] [Worker-Main-8/INFO] (Minecraft) Preparing spawn area: 83%
[18:08:11] [Server thread/INFO] (Minecraft) Time elapsed: 1420 ms
[18:08:11] [Server thread/INFO] (Minecraft) Started game test server
[18:08:11] [Server thread/INFO] (Minecraft) Running test batch 'reviewed_wall:1' (3 tests)...
[18:08:12] [Server thread/INFO] (Minecraft) 57 tests are now running!
[18:08:12] [Server thread/INFO] (Minecraft) Running test batch 'agony_furniture:1' (2 tests)...
[18:08:12] [Server thread/INFO] (Minecraft) Running test batch 'zz_creative_placement:1' (1 tests)...
[18:08:12] [Server thread/INFO] (Minecraft) Running test batch 'production_functional:1' (3 tests)...
[18:08:13] [Server thread/INFO] (Minecraft) Running test batch 'production_restoration:1' (3 tests)...
[18:08:13] [Server thread/INFO] (Minecraft) Running test batch 'zz_practical_test_kit:1' (2 tests)...
[18:08:13] [Server thread/INFO] (Minecraft) Running test batch 'agony_surface:1' (4 tests)...
[18:08:13] [Server thread/INFO] (Minecraft) Running test batch 'production_palette_rotation:1' (1 tests)...
[18:08:13] [Server thread/INFO] (Minecraft) Running test batch 'production_palette_registry:1' (1 tests)...
[18:08:13] [Server thread/INFO] (Minecraft) Running test batch 'support_plane_stale_helper:1' (1 tests)...
[18:08:13] [Server thread/INFO] (Minecraft) Running test batch 'creative_catalog:1' (1 tests)...
[18:08:14] [Server thread/INFO] (Minecraft) [STDOUT]: CREATIVE_CATALOG_COVERAGE {"registeredBlockItems":3831,"artCandidates":46673,"visibleEntries":46430,"hiddenEquivalentEntries":243,"mainVisibleBlockItems":50,"mainVisibleEntries":63,"technicalVisibleBlockItems":3642,"technicalVisibleEntries":46367,"entriesByType":{"main":63,"technical.1":728,"technical.2":49,"technical.3":45590},"registeredStates":54016,"placementExcludedStates":72,"serviceStatesCollapsedIntoArtCandidates":7271,"serviceStatePolicy":"Only variant/visual enumerate artwork; facing/open/lit/connection/root_anchor and other service properties do not create entries. Placement-forced states are excluded.","coverage":"PASS","graphicalClient":"NOT_RUN"}
[18:08:15] [Server thread/INFO] (Minecraft) Running test batch 'production_palette_door:1' (3 tests)...
[18:08:15] [Server thread/WARN] (Minecraft) Can't keep up! Is the server overloaded? Running 3573ms or 71 ticks behind
[18:08:15] [Server thread/INFO] (Minecraft) Running test batch 'logical_visual:1' (4 tests)...
[18:08:15] [Server thread/INFO] (Minecraft) test-mock-player[local] logged in with entity id 338 at (-7.5, -60.0, -6.5)
[18:08:15] [Server thread/INFO] (Minecraft) test-mock-player joined the game
[18:08:16] [Server thread/INFO] (Minecraft) Running test batch 'window_test3:1' (4 tests)...
[18:08:16] [Server thread/INFO] (Minecraft) Running test batch 'agony_transition:1' (1 tests)...
[18:08:16] [Server thread/INFO] (Minecraft) Running test batch 'shared_physical:1' (8 tests)...
[18:08:16] [Server thread/INFO] (Minecraft) [+++++++++++++++++++++++++++++++++++++__+++               ]
[18:08:16] [Server thread/INFO] (Minecraft) Running test batch 'support_plane:1' (2 tests)...
[18:08:18] [Server thread/INFO] (Minecraft) Running test batch 'production_palette_tree:1' (1 tests)...
[18:08:18] [Server thread/INFO] (Minecraft) Running test batch 'shared_physical_root_insertion:1' (3 tests)...
[18:08:18] [Server thread/INFO] (Minecraft) Running test batch 'logical_debug:1' (3 tests)...
[18:08:18] [Server thread/INFO] (Minecraft) Bloodborne debug: player target required.
[18:08:18] [Server thread/INFO] (Minecraft) Bloodborne debug: player target required.
[18:08:18] [Server thread/INFO] (Minecraft) test-mock-player[local] logged in with entity id 2241 at (-0.5, -60.0, 6.5)
[18:08:18] [Server thread/INFO] (Minecraft) test-mock-player joined the game
[18:08:18] [Server thread/INFO] (Minecraft) Running test batch 'explicit_root:1' (2 tests)...
[18:08:18] [Server thread/INFO] (Minecraft) Running test batch 'agony_attachment:1' (4 tests)...
[18:08:18] [Server thread/INFO] (Minecraft) [+++++++++++++++++++++++++++++++++++++++++++++++++++++++++]
[18:08:18] [Server thread/INFO] (Minecraft) ========= 57 GAME TESTS COMPLETE ======================
[18:08:18] [Server thread/INFO] (Minecraft) All 57 required tests passed :)
[18:08:18] [Server thread/INFO] (Minecraft) ====================================================
[18:08:18] [Server thread/INFO] (Minecraft) Stopping server
[18:08:18] [Server thread/INFO] (Minecraft) Saving players
[18:08:18] [Server thread/INFO] (Minecraft) Saving worlds
[18:08:20] [Server thread/INFO] (Minecraft) Saving chunks for level 'ServerLevel[Test Level]'/minecraft:overworld
[18:08:20] [Server thread/INFO] (Minecraft) Saving chunks for level 'ServerLevel[Test Level]'/minecraft:the_nether
[18:08:20] [Server thread/INFO] (Minecraft) Saving chunks for level 'ServerLevel[Test Level]'/minecraft:the_end
[18:08:20] [Server thread/INFO] (Minecraft) ThreadedAnvilChunkStorage (world): All chunks are saved
[18:08:20] [Server thread/INFO] (Minecraft) ThreadedAnvilChunkStorage (DIM-1): All chunks are saved
[18:08:20] [Server thread/INFO] (Minecraft) ThreadedAnvilChunkStorage (DIM1): All chunks are saved
[18:08:20] [Server thread/INFO] (Minecraft) ThreadedAnvilChunkStorage: All dimensions are saved
[18:08:20] [Server thread/INFO] (Minecraft) Game test server shutting down

> Task :logicalGameTest

Deprecated Gradle features were used in this build, making it incompatible with Gradle 9.0.

You can use '--warning-mode all' to show the individual deprecation warnings and determine if they come from your own scripts or plugins.

For more on this, please refer to https://docs.gradle.org/8.8/userguide/command_line_interface.html#sec:command_line_warnings in the Gradle documentation.

BUILD SUCCESSFUL in 1m 25s
12 actionable tasks: 8 executed, 4 up-to-date
